Loaded 817681 rows, 34 sessions, IMU input shape (817681, 6)
  train: 17 trips, 17 sessions, 305570 rows  ['Vfa02', 'Vw10', 'Vw11', 'Vw12', 'Vw13', 'Vw14a', 'Vw14b', 'Vw14c', 'Vw16a', 'Vw16b', 'Vw17', 'Vw2', 'Vw3', 'Vw4', 'Vw5', 'Vw6', 'Vw9']
  val  : 1 trips, 2 sessions, 105715 rows  ['M']
  test : 6 trips, 9 sessions, 301757 rows  ['S1', 'S2', 'S3a', 'S3b', 'S3c', 'S4']
  unassigned (excluded): ['Vfa01', 'Vta1a', 'Vta1b', 'Y1']

=== Phase 1: augmentation-policy comparison (TCN, 4 s window, point loss, validation only) ===
  so3          (reused) val MAE=6.376 m/s
  none         (reused) val MAE=4.370 m/s

--- TCN | window 40 (4 s) | 22881 parameters | receptive field 61 | uncertainty=False | device cuda ---
    epoch   1 lr=1.00e-03 train_loss=6.5316 val MAE=7.589 RMSE=9.488 R2=-1.802 * (5.1s)
    epoch   2 lr=2.00e-03 train_loss=3.6236 val MAE=5.902 RMSE=7.554 R2=-0.776 * (4.3s)
    epoch   3 lr=2.00e-03 train_loss=3.2751 val MAE=5.749 RMSE=7.457 R2=-0.731 * (4.2s)
    epoch   4 lr=1.99e-03 train_loss=3.0289 val MAE=5.690 RMSE=7.402 R2=-0.705 * (4.3s)
    epoch   5 lr=1.99e-03 train_loss=2.8690 val MAE=4.751 RMSE=6.160 R2=-0.181 * (4.0s)
    epoch   6 lr=1.98e-03 train_loss=2.7874 val MAE=5.548 RMSE=7.287 R2=-0.653 (4.3s)
    epoch   7 lr=1.96e-03 train_loss=2.7067 val MAE=5.394 RMSE=7.112 R2=-0.574 (4.0s)
    epoch   8 lr=1.95e-03 train_loss=2.6604 val MAE=5.051 RMSE=6.650 R2=-0.377 (3.8s)
    epoch   9 lr=1.93e-03 train_loss=2.6217 val MAE=4.930 RMSE=6.396 R2=-0.274 (4.0s)
    epoch  10 lr=1.91e-03 train_loss=2.5853 val MAE=5.231 RMSE=6.784 R2=-0.432 (4.2s)
    epoch  11 lr=1.89e-03 train_loss=2.5506 val MAE=5.323 RMSE=6.874 R2=-0.471 (4.3s)
    epoch  12 lr=1.86e-03 train_loss=2.5281 val MAE=5.916 RMSE=7.669 R2=-0.831 (4.3s)
    epoch  13 lr=1.83e-03 train_loss=2.5239 val MAE=5.010 RMSE=6.632 R2=-0.369 (3.7s)
    epoch  14 lr=1.80e-03 train_loss=2.4932 val MAE=5.760 RMSE=7.579 R2=-0.788 (4.3s)
    epoch  15 lr=1.77e-03 train_loss=2.4789 val MAE=4.758 RMSE=6.225 R2=-0.206 (3.7s)
    early stopping at epoch 15 (best val MAE 4.751)
  tcn  w40 train n=  60987 MAE=3.247 m/s (11.69 km/h) RMSE=4.327 R2=0.771
  tcn  w40 val   n= 105636 MAE=4.751 m/s (17.10 km/h) RMSE=6.160 R2=-0.181
  best epoch 5/15, train time 63.4 s
  yaw          (new)    val MAE=4.751 m/s

--- TCN | window 40 (4 s) | 22881 parameters | receptive field 61 | uncertainty=False | device cuda ---
    epoch   1 lr=1.00e-03 train_loss=6.5101 val MAE=7.904 RMSE=9.818 R2=-2.001 * (4.5s)
    epoch   2 lr=2.00e-03 train_loss=3.6414 val MAE=6.093 RMSE=7.757 R2=-0.873 * (4.7s)
    epoch   3 lr=2.00e-03 train_loss=3.2747 val MAE=6.043 RMSE=7.741 R2=-0.865 * (4.7s)
    epoch   4 lr=1.99e-03 train_loss=3.0469 val MAE=6.454 RMSE=8.280 R2=-1.134 (4.6s)
    epoch   5 lr=1.99e-03 train_loss=2.8973 val MAE=5.063 RMSE=6.544 R2=-0.333 * (4.9s)
    epoch   6 lr=1.98e-03 train_loss=2.8101 val MAE=5.474 RMSE=7.096 R2=-0.567 (4.4s)
    epoch   7 lr=1.96e-03 train_loss=2.7291 val MAE=5.422 RMSE=7.005 R2=-0.528 (4.7s)
    epoch   8 lr=1.95e-03 train_loss=2.6825 val MAE=6.213 RMSE=8.048 R2=-1.016 (4.6s)
    epoch   9 lr=1.93e-03 train_loss=2.6466 val MAE=5.355 RMSE=6.850 R2=-0.461 (4.8s)
    epoch  10 lr=1.91e-03 train_loss=2.5989 val MAE=5.443 RMSE=7.115 R2=-0.576 (4.5s)
    epoch  11 lr=1.89e-03 train_loss=2.5767 val MAE=5.715 RMSE=7.456 R2=-0.730 (4.8s)
    epoch  12 lr=1.86e-03 train_loss=2.5446 val MAE=5.198 RMSE=6.826 R2=-0.451 (4.4s)
    epoch  13 lr=1.83e-03 train_loss=2.5323 val MAE=5.216 RMSE=6.863 R2=-0.466 (4.4s)
    epoch  14 lr=1.80e-03 train_loss=2.4955 val MAE=5.916 RMSE=7.783 R2=-0.885 (4.7s)
    epoch  15 lr=1.77e-03 train_loss=2.4669 val MAE=5.225 RMSE=6.829 R2=-0.451 (4.6s)
    early stopping at epoch 15 (best val MAE 5.063)
  tcn  w40 train n=  60987 MAE=3.493 m/s (12.57 km/h) RMSE=4.853 R2=0.712
  tcn  w40 val   n= 105636 MAE=5.063 m/s (18.23 km/h) RMSE=6.544 R2=-0.333
  best epoch 5/15, train time 69.5 s
  gravity_yaw  (new)    val MAE=5.063 m/s
  best by raw validation MAE: none; chosen policy (evidence + deployment reasoning): yaw

=== Phase 2: final-selection matrix (policy=yaw, heteroscedastic NLL loss, validation only) ===

--- CNN | window 20 (2 s) | 27266 parameters | receptive field 25 | uncertainty=True | device cuda ---
    epoch   1 lr=1.00e-03 train_loss=4.9781 [warmup] val MAE=7.351 RMSE=9.236 R2=-1.654 val NLL=3.642 sigma~9.05 * (3.5s)
    epoch   2 lr=2.00e-03 train_loss=3.5304 [warmup] val MAE=6.597 RMSE=8.098 R2=-1.041 val NLL=3.522 sigma~9.05 * (3.9s)
    epoch   3 lr=2.00e-03 train_loss=3.2273 [warmup] val MAE=5.949 RMSE=7.692 R2=-0.841 val NLL=3.483 sigma~9.05 * (3.5s)
    epoch   4 lr=1.99e-03 train_loss=2.9401 val MAE=5.547 RMSE=7.288 R2=-0.653 val NLL=3.652 sigma~4.40 * (3.5s)
    epoch   5 lr=1.99e-03 train_loss=2.8758 val MAE=5.672 RMSE=7.410 R2=-0.709 val NLL=3.790 sigma~4.28 (3.3s)
    epoch   6 lr=1.98e-03 train_loss=2.8512 val MAE=5.294 RMSE=6.878 R2=-0.472 val NLL=5.074 sigma~3.66 * (3.6s)
    epoch   7 lr=1.96e-03 train_loss=2.8286 val MAE=5.857 RMSE=7.412 R2=-0.710 val NLL=4.198 sigma~4.09 (3.8s)
    epoch   8 lr=1.95e-03 train_loss=2.8204 val MAE=5.920 RMSE=7.764 R2=-0.876 val NLL=3.891 sigma~4.45 (3.6s)
    epoch   9 lr=1.93e-03 train_loss=2.8110 val MAE=4.865 RMSE=6.481 R2=-0.307 val NLL=3.957 sigma~3.94 * (3.7s)
    epoch  10 lr=1.91e-03 train_loss=2.7824 val MAE=4.651 RMSE=6.201 R2=-0.197 val NLL=4.654 sigma~3.65 * (3.6s)
    epoch  11 lr=1.89e-03 train_loss=2.7799 val MAE=5.064 RMSE=6.797 R2=-0.438 val NLL=3.669 sigma~4.40 (3.7s)
    epoch  12 lr=1.86e-03 train_loss=2.7753 val MAE=4.946 RMSE=6.667 R2=-0.383 val NLL=3.865 sigma~4.02 (4.0s)
    epoch  13 lr=1.83e-03 train_loss=2.7698 val MAE=4.802 RMSE=6.407 R2=-0.277 val NLL=3.822 sigma~3.87 (3.5s)
    epoch  14 lr=1.80e-03 train_loss=2.7506 val MAE=4.612 RMSE=6.221 R2=-0.204 val NLL=3.975 sigma~3.83 * (3.7s)
    epoch  15 lr=1.77e-03 train_loss=2.7469 val MAE=5.029 RMSE=6.765 R2=-0.424 val NLL=4.870 sigma~3.63 (3.8s)
    epoch  16 lr=1.73e-03 train_loss=2.7393 val MAE=5.269 RMSE=7.004 R2=-0.527 val NLL=3.661 sigma~3.98 (3.8s)
    epoch  17 lr=1.69e-03 train_loss=2.7366 val MAE=4.543 RMSE=6.131 R2=-0.170 val NLL=5.921 sigma~3.48 * (3.8s)
    epoch  18 lr=1.65e-03 train_loss=2.7299 val MAE=5.077 RMSE=6.767 R2=-0.425 val NLL=3.778 sigma~4.23 (3.6s)
    epoch  19 lr=1.61e-03 train_loss=2.7215 val MAE=4.811 RMSE=6.451 R2=-0.295 val NLL=4.123 sigma~3.75 (3.6s)
    epoch  20 lr=1.57e-03 train_loss=2.7098 val MAE=4.550 RMSE=6.089 R2=-0.154 val NLL=3.755 sigma~4.23 (3.8s)
    epoch  21 lr=1.53e-03 train_loss=2.7109 val MAE=4.559 RMSE=6.153 R2=-0.178 val NLL=3.828 sigma~3.84 (4.0s)
    epoch  22 lr=1.48e-03 train_loss=2.7074 val MAE=4.438 RMSE=6.035 R2=-0.134 val NLL=3.559 sigma~4.17 * (3.6s)
    epoch  23 lr=1.43e-03 train_loss=2.7037 val MAE=4.753 RMSE=6.470 R2=-0.303 val NLL=3.523 sigma~4.11 (3.6s)
    epoch  24 lr=1.38e-03 train_loss=2.6906 val MAE=4.457 RMSE=6.106 R2=-0.160 val NLL=3.579 sigma~4.58 (3.7s)
    epoch  25 lr=1.33e-03 train_loss=2.6910 val MAE=5.123 RMSE=6.816 R2=-0.446 val NLL=4.090 sigma~3.92 (3.9s)
    epoch  26 lr=1.28e-03 train_loss=2.6853 val MAE=4.364 RMSE=5.992 R2=-0.117 val NLL=3.437 sigma~4.12 * (3.9s)
    epoch  27 lr=1.23e-03 train_loss=2.6753 val MAE=5.071 RMSE=6.887 R2=-0.476 val NLL=3.956 sigma~4.08 (3.6s)
    epoch  28 lr=1.18e-03 train_loss=2.6725 val MAE=4.573 RMSE=6.277 R2=-0.226 val NLL=3.762 sigma~4.06 (3.6s)
    epoch  29 lr=1.13e-03 train_loss=2.6591 val MAE=4.839 RMSE=6.594 R2=-0.353 val NLL=4.015 sigma~3.95 (3.8s)
    epoch  30 lr=1.07e-03 train_loss=2.6646 val MAE=4.633 RMSE=6.318 R2=-0.242 val NLL=3.740 sigma~4.20 (3.4s)
    epoch  31 lr=1.02e-03 train_loss=2.6514 val MAE=4.421 RMSE=6.050 R2=-0.139 val NLL=3.441 sigma~4.07 (3.5s)
    epoch  32 lr=9.67e-04 train_loss=2.6454 val MAE=5.305 RMSE=7.135 R2=-0.584 val NLL=4.705 sigma~3.85 (3.9s)
    epoch  33 lr=9.14e-04 train_loss=2.6621 val MAE=4.502 RMSE=6.162 R2=-0.182 val NLL=3.497 sigma~4.04 (3.4s)
    epoch  34 lr=8.61e-04 train_loss=2.6497 val MAE=4.669 RMSE=6.373 R2=-0.264 val NLL=4.053 sigma~3.79 (2.7s)
    epoch  35 lr=8.09e-04 train_loss=2.6423 val MAE=4.940 RMSE=6.751 R2=-0.418 val NLL=3.905 sigma~4.20 (6.0s)
    epoch  36 lr=7.58e-04 train_loss=2.6340 val MAE=4.740 RMSE=6.468 R2=-0.302 val NLL=3.773 sigma~3.95 (6.6s)
    early stopping at epoch 36 (best val MAE 4.364)
  cnn  w20 train n=  61055 MAE=2.879 m/s (10.36 km/h) RMSE=4.096 R2=0.795
  cnn  w20 val   n= 105676 MAE=4.364 m/s (15.71 km/h) RMSE=5.992 R2=-0.117
  best epoch 26/36, train time 136.9 s
  cnn_w20    val MAE=4.364 m/s  val NLL=3.437  params=27266  CPU latency=2.932 ms  clean-vs-noisiest robustness drop=4.027 m/s

--- TCN | window 20 (2 s) | 22914 parameters | receptive field 61 | uncertainty=True | device cuda ---
    epoch   1 lr=1.00e-03 train_loss=6.8434 [warmup] val MAE=6.453 RMSE=8.182 R2=-1.084 val NLL=3.530 sigma~9.05 * (5.4s)
    epoch   2 lr=2.00e-03 train_loss=3.9616 [warmup] val MAE=6.728 RMSE=8.545 R2=-1.272 val NLL=3.567 sigma~9.05 (4.0s)
    epoch   3 lr=2.00e-03 train_loss=3.6134 [warmup] val MAE=6.207 RMSE=7.917 R2=-0.951 val NLL=3.504 sigma~9.05 * (4.1s)
    epoch   4 lr=1.99e-03 train_loss=3.0199 val MAE=5.156 RMSE=6.583 R2=-0.349 val NLL=3.676 sigma~4.28 * (4.0s)
    epoch   5 lr=1.99e-03 train_loss=2.9706 val MAE=5.456 RMSE=6.982 R2=-0.517 val NLL=3.806 sigma~4.46 (3.2s)
    epoch   6 lr=1.98e-03 train_loss=2.9414 val MAE=5.308 RMSE=6.930 R2=-0.495 val NLL=4.792 sigma~3.62 (6.3s)
    epoch   7 lr=1.96e-03 train_loss=2.9228 val MAE=5.663 RMSE=7.326 R2=-0.670 val NLL=3.879 sigma~4.35 (8.4s)
    epoch   8 lr=1.95e-03 train_loss=2.9028 val MAE=5.040 RMSE=6.673 R2=-0.386 val NLL=3.640 sigma~4.56 * (5.3s)
    epoch   9 lr=1.93e-03 train_loss=2.8897 val MAE=4.980 RMSE=6.545 R2=-0.333 val NLL=4.164 sigma~3.92 * (5.3s)
    epoch  10 lr=1.91e-03 train_loss=2.8778 val MAE=4.937 RMSE=6.530 R2=-0.327 val NLL=3.701 sigma~4.53 * (4.4s)
    epoch  11 lr=1.89e-03 train_loss=2.8662 val MAE=5.401 RMSE=7.041 R2=-0.543 val NLL=3.884 sigma~4.17 (3.7s)
    epoch  12 lr=1.86e-03 train_loss=2.8534 val MAE=4.629 RMSE=6.145 R2=-0.175 val NLL=3.531 sigma~4.47 * (3.6s)
    epoch  13 lr=1.83e-03 train_loss=2.8489 val MAE=5.673 RMSE=7.382 R2=-0.696 val NLL=3.825 sigma~4.50 (8.9s)
    epoch  14 lr=1.80e-03 train_loss=2.8339 val MAE=5.016 RMSE=6.493 R2=-0.312 val NLL=3.856 sigma~4.16 (6.4s)
    epoch  15 lr=1.77e-03 train_loss=2.8246 val MAE=4.997 RMSE=6.626 R2=-0.366 val NLL=3.993 sigma~4.14 (5.0s)
    epoch  16 lr=1.73e-03 train_loss=2.8218 val MAE=4.827 RMSE=6.359 R2=-0.258 val NLL=3.659 sigma~4.17 (4.8s)
    epoch  17 lr=1.69e-03 train_loss=2.8121 val MAE=4.901 RMSE=6.548 R2=-0.334 val NLL=3.748 sigma~4.24 (3.8s)
    epoch  18 lr=1.65e-03 train_loss=2.8118 val MAE=4.610 RMSE=6.049 R2=-0.139 val NLL=3.808 sigma~4.06 * (4.5s)
    epoch  19 lr=1.61e-03 train_loss=2.8006 val MAE=5.041 RMSE=6.671 R2=-0.385 val NLL=4.007 sigma~4.04 (4.2s)
    epoch  20 lr=1.57e-03 train_loss=2.7980 val MAE=5.618 RMSE=7.328 R2=-0.671 val NLL=4.143 sigma~4.27 (4.2s)
    epoch  21 lr=1.53e-03 train_loss=2.7958 val MAE=4.808 RMSE=6.389 R2=-0.270 val NLL=3.590 sigma~4.27 (4.5s)
    epoch  22 lr=1.48e-03 train_loss=2.7864 val MAE=4.836 RMSE=6.393 R2=-0.272 val NLL=3.879 sigma~3.96 (4.2s)
    epoch  23 lr=1.43e-03 train_loss=2.7807 val MAE=5.063 RMSE=6.695 R2=-0.395 val NLL=3.857 sigma~4.18 (4.5s)
    epoch  24 lr=1.38e-03 train_loss=2.7789 val MAE=4.942 RMSE=6.518 R2=-0.322 val NLL=3.834 sigma~4.25 (4.2s)
    epoch  25 lr=1.33e-03 train_loss=2.7626 val MAE=4.845 RMSE=6.350 R2=-0.255 val NLL=3.799 sigma~4.11 (4.4s)
    epoch  26 lr=1.28e-03 train_loss=2.7516 val MAE=4.669 RMSE=6.159 R2=-0.181 val NLL=3.842 sigma~4.05 (4.8s)
    epoch  27 lr=1.23e-03 train_loss=2.7647 val MAE=4.964 RMSE=6.506 R2=-0.317 val NLL=3.958 sigma~4.07 (4.5s)
    epoch  28 lr=1.18e-03 train_loss=2.7490 val MAE=4.929 RMSE=6.587 R2=-0.350 val NLL=3.831 sigma~4.13 (4.2s)
    early stopping at epoch 28 (best val MAE 4.610)
  tcn  w20 train n=  61055 MAE=3.136 m/s (11.29 km/h) RMSE=4.270 R2=0.778
  tcn  w20 val   n= 105676 MAE=4.610 m/s (16.60 km/h) RMSE=6.049 R2=-0.139
  best epoch 18/28, train time 135.1 s
  tcn_w20    val MAE=4.610 m/s  val NLL=3.808  params=22914  CPU latency=1.453 ms  clean-vs-noisiest robustness drop=3.202 m/s

--- CNN | window 40 (4 s) | 27266 parameters | receptive field 25 | uncertainty=True | device cuda ---
    epoch   1 lr=1.00e-03 train_loss=4.5554 [warmup] val MAE=6.953 RMSE=8.815 R2=-1.419 val NLL=3.596 sigma~9.05 * (4.4s)
    epoch   2 lr=2.00e-03 train_loss=3.1731 [warmup] val MAE=5.334 RMSE=7.039 R2=-0.542 val NLL=3.424 sigma~9.05 * (3.8s)
    epoch   3 lr=2.00e-03 train_loss=2.8726 [warmup] val MAE=5.071 RMSE=6.591 R2=-0.352 val NLL=3.387 sigma~9.05 * (4.0s)
    epoch   4 lr=1.99e-03 train_loss=2.8347 val MAE=5.614 RMSE=7.274 R2=-0.647 val NLL=4.274 sigma~3.78 (4.2s)
    epoch   5 lr=1.99e-03 train_loss=2.7519 val MAE=4.808 RMSE=6.382 R2=-0.268 val NLL=4.026 sigma~3.60 * (3.7s)
    epoch   6 lr=1.98e-03 train_loss=2.7372 val MAE=4.751 RMSE=6.286 R2=-0.230 val NLL=4.269 sigma~3.35 * (3.8s)
    epoch   7 lr=1.96e-03 train_loss=2.7086 val MAE=5.413 RMSE=7.013 R2=-0.531 val NLL=4.413 sigma~3.65 (5.2s)
    epoch   8 lr=1.95e-03 train_loss=2.6983 val MAE=4.187 RMSE=5.586 R2=0.029 val NLL=3.485 sigma~3.65 * (4.3s)
    epoch   9 lr=1.93e-03 train_loss=2.6693 val MAE=4.466 RMSE=5.968 R2=-0.109 val NLL=4.188 sigma~3.41 (4.0s)
    epoch  10 lr=1.91e-03 train_loss=2.6572 val MAE=4.282 RMSE=5.730 R2=-0.022 val NLL=4.058 sigma~3.21 (3.9s)
    epoch  11 lr=1.89e-03 train_loss=2.6499 val MAE=5.402 RMSE=7.040 R2=-0.543 val NLL=4.478 sigma~4.12 (4.2s)
    epoch  12 lr=1.86e-03 train_loss=2.6322 val MAE=4.520 RMSE=6.119 R2=-0.165 val NLL=3.947 sigma~3.89 (4.4s)
    epoch  13 lr=1.83e-03 train_loss=2.6333 val MAE=6.058 RMSE=7.768 R2=-0.878 val NLL=5.115 sigma~3.61 (4.2s)
    epoch  14 lr=1.80e-03 train_loss=2.6038 val MAE=4.482 RMSE=6.041 R2=-0.136 val NLL=4.322 sigma~3.56 (4.0s)
    epoch  15 lr=1.77e-03 train_loss=2.5975 val MAE=4.289 RMSE=5.706 R2=-0.014 val NLL=4.021 sigma~3.65 (4.0s)
    epoch  16 lr=1.73e-03 train_loss=2.5870 val MAE=4.168 RMSE=5.718 R2=-0.018 val NLL=3.760 sigma~3.55 * (5.1s)
    epoch  17 lr=1.69e-03 train_loss=2.5731 val MAE=4.417 RMSE=5.991 R2=-0.117 val NLL=4.184 sigma~3.52 (4.6s)
    epoch  18 lr=1.65e-03 train_loss=2.5686 val MAE=4.124 RMSE=5.548 R2=0.042 val NLL=3.478 sigma~3.74 * (4.2s)
    epoch  19 lr=1.61e-03 train_loss=2.5639 val MAE=4.300 RMSE=5.687 R2=-0.007 val NLL=4.457 sigma~3.46 (3.7s)
    epoch  20 lr=1.57e-03 train_loss=2.5755 val MAE=5.057 RMSE=6.710 R2=-0.401 val NLL=4.377 sigma~3.63 (3.8s)
    epoch  21 lr=1.53e-03 train_loss=2.5445 val MAE=4.386 RMSE=5.917 R2=-0.090 val NLL=4.305 sigma~3.66 (7.0s)
    epoch  22 lr=1.48e-03 train_loss=2.5318 val MAE=4.349 RMSE=5.923 R2=-0.092 val NLL=3.873 sigma~3.60 (3.9s)
    epoch  23 lr=1.43e-03 train_loss=2.5209 val MAE=4.458 RMSE=6.052 R2=-0.140 val NLL=4.369 sigma~3.79 (5.9s)
    epoch  24 lr=1.38e-03 train_loss=2.5183 val MAE=5.326 RMSE=7.158 R2=-0.595 val NLL=4.821 sigma~3.70 (4.8s)
    epoch  25 lr=1.33e-03 train_loss=2.5159 val MAE=4.474 RMSE=6.079 R2=-0.150 val NLL=3.694 sigma~4.03 (5.3s)
    epoch  26 lr=1.28e-03 train_loss=2.5017 val MAE=4.321 RMSE=5.829 R2=-0.058 val NLL=4.031 sigma~3.68 (5.7s)
    epoch  27 lr=1.23e-03 train_loss=2.4926 val MAE=4.265 RMSE=5.746 R2=-0.028 val NLL=3.801 sigma~3.42 (4.9s)
    epoch  28 lr=1.18e-03 train_loss=2.4995 val MAE=4.176 RMSE=5.647 R2=0.007 val NLL=4.120 sigma~3.73 (3.7s)
    early stopping at epoch 28 (best val MAE 4.124)
  cnn  w40 train n=  60987 MAE=2.708 m/s (9.75 km/h) RMSE=3.819 R2=0.822
  cnn  w40 val   n= 105636 MAE=4.124 m/s (14.85 km/h) RMSE=5.548 R2=0.042
  best epoch 18/28, train time 125.0 s
  cnn_w40    val MAE=4.124 m/s  val NLL=3.478  params=27266  CPU latency=2.884 ms  clean-vs-noisiest robustness drop=3.665 m/s

--- TCN | window 40 (4 s) | 22914 parameters | receptive field 61 | uncertainty=True | device cuda ---
    epoch   1 lr=1.00e-03 train_loss=6.5316 [warmup] val MAE=7.589 RMSE=9.488 R2=-1.802 val NLL=3.671 sigma~9.05 * (8.5s)
    epoch   2 lr=2.00e-03 train_loss=3.6236 [warmup] val MAE=5.902 RMSE=7.554 R2=-0.776 val NLL=3.470 sigma~9.05 * (6.4s)
    epoch   3 lr=2.00e-03 train_loss=3.2751 [warmup] val MAE=5.749 RMSE=7.457 R2=-0.731 val NLL=3.461 sigma~9.05 * (5.7s)
    epoch   4 lr=1.99e-03 train_loss=2.9221 val MAE=5.109 RMSE=6.627 R2=-0.367 val NLL=4.287 sigma~3.54 * (7.4s)
    epoch   5 lr=1.99e-03 train_loss=2.8560 val MAE=4.399 RMSE=5.807 R2=-0.050 val NLL=3.819 sigma~3.74 * (6.0s)
    epoch   6 lr=1.98e-03 train_loss=2.8275 val MAE=4.542 RMSE=5.982 R2=-0.114 val NLL=3.528 sigma~3.79 (6.0s)
    epoch   7 lr=1.96e-03 train_loss=2.8042 val MAE=5.587 RMSE=7.314 R2=-0.665 val NLL=4.138 sigma~4.06 (5.4s)
    epoch   8 lr=1.95e-03 train_loss=2.7849 val MAE=4.648 RMSE=6.053 R2=-0.140 val NLL=3.709 sigma~3.80 (4.9s)
    epoch   9 lr=1.93e-03 train_loss=2.7706 val MAE=4.762 RMSE=6.181 R2=-0.189 val NLL=4.148 sigma~3.51 (5.9s)
    epoch  10 lr=1.91e-03 train_loss=2.7570 val MAE=5.078 RMSE=6.669 R2=-0.385 val NLL=4.547 sigma~3.46 (7.0s)
    epoch  11 lr=1.89e-03 train_loss=2.7409 val MAE=4.595 RMSE=5.990 R2=-0.117 val NLL=3.911 sigma~3.61 (8.0s)
    epoch  12 lr=1.86e-03 train_loss=2.7260 val MAE=4.967 RMSE=6.548 R2=-0.335 val NLL=4.194 sigma~3.73 (5.3s)
    epoch  13 lr=1.83e-03 train_loss=2.7170 val MAE=5.277 RMSE=6.924 R2=-0.492 val NLL=4.368 sigma~3.92 (5.5s)
    epoch  14 lr=1.80e-03 train_loss=2.7046 val MAE=4.997 RMSE=6.601 R2=-0.356 val NLL=4.389 sigma~3.38 (6.2s)
    epoch  15 lr=1.77e-03 train_loss=2.6978 val MAE=4.798 RMSE=6.206 R2=-0.199 val NLL=4.947 sigma~3.12 (4.9s)
    early stopping at epoch 15 (best val MAE 4.399)
  tcn  w40 train n=  60987 MAE=3.477 m/s (12.52 km/h) RMSE=4.520 R2=0.751
  tcn  w40 val   n= 105636 MAE=4.399 m/s (15.84 km/h) RMSE=5.807 R2=-0.050
  best epoch 5/15, train time 93.1 s
  tcn_w40    val MAE=4.399 m/s  val NLL=3.819  params=22914  CPU latency=1.245 ms  clean-vs-noisiest robustness drop=2.970 m/s
  selected final model: cnn_w40 (lowest validation MAE)

=== Phase 3: point-loss ablation of the final config (cnn, 40 samples, yaw) ===

--- CNN | window 40 (4 s) | 27233 parameters | receptive field 25 | uncertainty=False | device cuda ---
    epoch   1 lr=1.00e-03 train_loss=4.5554 val MAE=6.953 RMSE=8.815 R2=-1.419 * (3.2s)
    epoch   2 lr=2.00e-03 train_loss=3.1731 val MAE=5.334 RMSE=7.039 R2=-0.542 * (3.2s)
    epoch   3 lr=2.00e-03 train_loss=2.8726 val MAE=5.071 RMSE=6.591 R2=-0.352 * (5.2s)
    epoch   4 lr=1.99e-03 train_loss=2.7221 val MAE=5.431 RMSE=7.065 R2=-0.554 (5.0s)
    epoch   5 lr=1.99e-03 train_loss=2.6162 val MAE=4.606 RMSE=6.170 R2=-0.185 * (5.4s)
    epoch   6 lr=1.98e-03 train_loss=2.5550 val MAE=6.063 RMSE=7.814 R2=-0.901 (5.1s)
    epoch   7 lr=1.96e-03 train_loss=2.5233 val MAE=4.653 RMSE=6.105 R2=-0.160 (5.1s)
    epoch   8 lr=1.95e-03 train_loss=2.4740 val MAE=4.584 RMSE=6.135 R2=-0.172 * (4.7s)
    epoch   9 lr=1.93e-03 train_loss=2.4322 val MAE=4.380 RMSE=5.894 R2=-0.081 * (4.3s)
    epoch  10 lr=1.91e-03 train_loss=2.4048 val MAE=4.616 RMSE=6.150 R2=-0.177 (3.7s)
    epoch  11 lr=1.89e-03 train_loss=2.3867 val MAE=4.688 RMSE=6.259 R2=-0.220 (3.7s)
    epoch  12 lr=1.86e-03 train_loss=2.3548 val MAE=4.670 RMSE=6.178 R2=-0.188 (3.5s)
    epoch  13 lr=1.83e-03 train_loss=2.3335 val MAE=5.142 RMSE=6.796 R2=-0.438 (3.6s)
    epoch  14 lr=1.80e-03 train_loss=2.3096 val MAE=4.428 RMSE=5.953 R2=-0.103 (3.4s)
    epoch  15 lr=1.77e-03 train_loss=2.2931 val MAE=4.239 RMSE=5.660 R2=0.003 * (3.1s)
    epoch  16 lr=1.73e-03 train_loss=2.2665 val MAE=4.866 RMSE=6.459 R2=-0.298 (3.5s)
    epoch  17 lr=1.69e-03 train_loss=2.2496 val MAE=5.183 RMSE=6.893 R2=-0.479 (3.6s)
    epoch  18 lr=1.65e-03 train_loss=2.2280 val MAE=4.306 RMSE=5.807 R2=-0.050 (3.5s)
    epoch  19 lr=1.61e-03 train_loss=2.2228 val MAE=4.281 RMSE=5.742 R2=-0.026 (3.7s)
    epoch  20 lr=1.57e-03 train_loss=2.2068 val MAE=4.152 RMSE=5.576 R2=0.032 * (3.6s)
    epoch  21 lr=1.53e-03 train_loss=2.1873 val MAE=4.176 RMSE=5.659 R2=0.003 (3.1s)
    epoch  22 lr=1.48e-03 train_loss=2.1808 val MAE=4.273 RMSE=5.814 R2=-0.052 (3.7s)
    epoch  23 lr=1.43e-03 train_loss=2.1670 val MAE=4.629 RMSE=6.284 R2=-0.229 (3.3s)
    epoch  24 lr=1.38e-03 train_loss=2.1369 val MAE=4.786 RMSE=6.455 R2=-0.297 (3.1s)
    epoch  25 lr=1.33e-03 train_loss=2.1318 val MAE=4.868 RMSE=6.576 R2=-0.346 (3.6s)
    epoch  26 lr=1.28e-03 train_loss=2.1304 val MAE=4.916 RMSE=6.649 R2=-0.376 (3.6s)
    epoch  27 lr=1.23e-03 train_loss=2.1109 val MAE=4.911 RMSE=6.645 R2=-0.374 (3.6s)
    epoch  28 lr=1.18e-03 train_loss=2.1044 val MAE=4.914 RMSE=6.626 R2=-0.367 (3.6s)
    epoch  29 lr=1.13e-03 train_loss=2.1010 val MAE=4.464 RMSE=6.107 R2=-0.161 (3.2s)
    epoch  30 lr=1.07e-03 train_loss=2.0879 val MAE=4.579 RMSE=6.216 R2=-0.203 (3.0s)
    early stopping at epoch 30 (best val MAE 4.152)
  cnn  w40 train n=  60987 MAE=2.438 m/s (8.78 km/h) RMSE=3.626 R2=0.839
  cnn  w40 val   n= 105636 MAE=4.152 m/s (14.95 km/h) RMSE=5.576 R2=0.032
  best epoch 20/30, train time 113.9 s
  point-loss val MAE=4.152 m/s (vs NLL counterpart above)

=== Phase 4: FINAL evaluation on the untouched S-series test set: cnn_w40 ===
  test  MAE=4.786 m/s (17.23 km/h) RMSE=6.662 R2=-0.052
  test  NLL=4.722  mean sigma=3.522 m/s  coverage@0.68=0.472
  final checkpoint: experiments\m3_final_cnn_w40\final.pt

Saved Milestone 3 results to D:\sih26168\member1-ml\results\uncertainty
Final model: cnn_w40  policy=yaw  test MAE=4.786 m/s  checkpoint=experiments/m3_final_cnn_w40/final.pt
exit=0
